2026-07-19 14:13:44,309 [INFO] ============================================================
2026-07-19 14:13:44,310 [INFO] INFERENCIA — ResShift
2026-07-19 14:13:44,310 [INFO] ============================================================
2026-07-19 14:13:44,310 [INFO]   input_dir: data\raw\unmarked
2026-07-19 14:13:44,310 [INFO]   output_dir: results\raw
2026-07-19 14:13:44,310 [INFO]   checkpoint: None
2026-07-19 14:13:44,310 [INFO]   scale: 4
2026-07-19 14:13:44,312 [INFO]   version: v3
2026-07-19 14:13:44,312 [INFO]   steps: None
2026-07-19 14:13:44,312 [INFO]   chop_size: 512
2026-07-19 14:13:44,312 [INFO]   seed: 42
2026-07-19 14:13:44,312 [INFO]   exp_name: 50sr_images
2026-07-19 14:13:44,312 [INFO]   log_level: INFO
2026-07-19 14:13:44,312 [INFO] ============================================================
2026-07-19 14:13:44,314 [INFO] Imágenes a procesar: 50
2026-07-19 14:14:46,758 [INFO] ============================================================
2026-07-19 14:14:46,758 [INFO] INFERENCIA — ResShift
2026-07-19 14:14:46,758 [INFO] ============================================================
2026-07-19 14:14:46,758 [INFO]   input_dir: data\raw\unmarked
2026-07-19 14:14:46,759 [INFO]   output_dir: results\raw
2026-07-19 14:14:46,759 [INFO]   checkpoint: C:\TFM\ResShift\weights\resshift_realsrx4_s15_v1.pth
2026-07-19 14:14:46,759 [INFO]   scale: 4
2026-07-19 14:14:46,760 [INFO]   version: v3
2026-07-19 14:14:46,760 [INFO]   steps: None
2026-07-19 14:14:46,760 [INFO]   chop_size: 512
2026-07-19 14:14:46,760 [INFO]   seed: 42
2026-07-19 14:14:46,760 [INFO]   exp_name: 50sr_images
2026-07-19 14:14:46,760 [INFO]   log_level: INFO
2026-07-19 14:14:46,760 [INFO] ============================================================
2026-07-19 14:14:46,761 [INFO] Imágenes a procesar: 50
2026-07-19 14:15:02,504 [INFO] Usando checkpoint propio: C:\TFM\ResShift\weights\resshift_realsrx4_s15_v1.pth
2026-07-19 14:15:02,505 [INFO] Chop size/stride: 512/448
2026-07-19 14:15:03,274 [WARNING] A matching Triton is not available, some optimizations will not be enabled
Traceback (most recent call last):
  File "E:\Anaconda\envs\resshift\lib\site-packages\xformers\__init__.py", line 57, in _is_triton_available
    import triton  # noqa
ModuleNotFoundError: No module named 'triton'
2026-07-19 14:15:09,580 [INFO] Iniciando inferencia ResShift...
2026-07-19 14:36:12,053 [INFO] ============================================================
2026-07-19 14:36:12,053 [INFO] INFERENCIA — ResShift
2026-07-19 14:36:12,053 [INFO] ============================================================
2026-07-19 14:36:12,053 [INFO]   input_dir: data\raw\unmarked
2026-07-19 14:36:12,054 [INFO]   output_dir: results\raw
2026-07-19 14:36:12,054 [INFO]   checkpoint: C:\TFM\ResShift\weights\resshift_realsrx4_s15_v1.pth
2026-07-19 14:36:12,054 [INFO]   scale: 4
2026-07-19 14:36:12,054 [INFO]   version: v3
2026-07-19 14:36:12,054 [INFO]   steps: None
2026-07-19 14:36:12,054 [INFO]   chop_size: 256
2026-07-19 14:36:12,054 [INFO]   seed: 42
2026-07-19 14:36:12,054 [INFO]   exp_name: 50sr_images
2026-07-19 14:36:12,055 [INFO]   log_level: INFO
2026-07-19 14:36:12,055 [INFO] ============================================================
2026-07-19 14:36:12,056 [INFO] Imágenes a procesar: 50
2026-07-19 14:36:26,065 [INFO] Usando checkpoint propio: C:\TFM\ResShift\weights\resshift_realsrx4_s15_v1.pth
2026-07-19 14:36:26,066 [INFO] Chop size/stride: 256/192
2026-07-19 14:36:26,724 [WARNING] A matching Triton is not available, some optimizations will not be enabled
Traceback (most recent call last):
  File "E:\Anaconda\envs\resshift\lib\site-packages\xformers\__init__.py", line 57, in _is_triton_available
    import triton  # noqa
ModuleNotFoundError: No module named 'triton'
2026-07-19 14:36:31,899 [INFO] Iniciando inferencia ResShift...
2026-07-19 15:11:25,925 [INFO] ============================================================
2026-07-19 15:11:25,925 [INFO] INFERENCIA — ResShift
2026-07-19 15:11:25,925 [INFO] ============================================================
2026-07-19 15:11:25,925 [INFO]   input_dir: data\raw\unmarked
2026-07-19 15:11:25,925 [INFO]   output_dir: results\raw
2026-07-19 15:11:25,926 [INFO]   checkpoint: C:\TFM\ResShift\weights\resshift_realsrx4_s15_v1.pth
2026-07-19 15:11:25,926 [INFO]   scale: 4
2026-07-19 15:11:25,926 [INFO]   version: v3
2026-07-19 15:11:25,926 [INFO]   steps: None
2026-07-19 15:11:25,926 [INFO]   chop_size: 128
2026-07-19 15:11:25,926 [INFO]   seed: 42
2026-07-19 15:11:25,926 [INFO]   exp_name: 50sr_images
2026-07-19 15:11:25,926 [INFO]   log_level: INFO
2026-07-19 15:11:25,926 [INFO] ============================================================
2026-07-19 15:11:25,927 [INFO] Imágenes a procesar: 50
2026-07-19 15:11:29,594 [INFO] Usando checkpoint propio: C:\TFM\ResShift\weights\resshift_realsrx4_s15_v1.pth
2026-07-19 15:11:29,594 [INFO] Chop size/stride: 128/64
2026-07-19 15:11:30,054 [WARNING] A matching Triton is not available, some optimizations will not be enabled
Traceback (most recent call last):
  File "E:\Anaconda\envs\resshift\lib\site-packages\xformers\__init__.py", line 57, in _is_triton_available
    import triton  # noqa
ModuleNotFoundError: No module named 'triton'
2026-07-19 15:11:32,366 [INFO] Iniciando inferencia ResShift...
2026-07-19 15:24:31,064 [INFO] ============================================================
2026-07-19 15:24:31,064 [INFO] INFERENCIA — ResShift
2026-07-19 15:24:31,064 [INFO] ============================================================
2026-07-19 15:24:31,064 [INFO]   input_dir: data\raw\unmarked
2026-07-19 15:24:31,065 [INFO]   output_dir: results\raw_s4
2026-07-19 15:24:31,065 [INFO]   checkpoint: C:\TFM\ResShift\weights\resshift_realsrx4_s4_v3.pth
2026-07-19 15:24:31,065 [INFO]   scale: 4
2026-07-19 15:24:31,065 [INFO]   version: v3
2026-07-19 15:24:31,065 [INFO]   steps: None
2026-07-19 15:24:31,065 [INFO]   chop_size: 128
2026-07-19 15:24:31,066 [INFO]   seed: 42
2026-07-19 15:24:31,066 [INFO]   exp_name: 50sr_images
2026-07-19 15:24:31,066 [INFO]   log_level: INFO
2026-07-19 15:24:31,066 [INFO] ============================================================
2026-07-19 15:24:31,068 [INFO] Imágenes a procesar: 50
2026-07-19 15:24:36,153 [INFO] Usando checkpoint propio: C:\TFM\ResShift\weights\resshift_realsrx4_s4_v3.pth
2026-07-19 15:24:36,154 [INFO] Chop size/stride: 128/64
2026-07-19 15:24:36,706 [WARNING] A matching Triton is not available, some optimizations will not be enabled
Traceback (most recent call last):
  File "E:\Anaconda\envs\resshift\lib\site-packages\xformers\__init__.py", line 57, in _is_triton_available
    import triton  # noqa
ModuleNotFoundError: No module named 'triton'
2026-07-19 15:24:40,925 [INFO] Iniciando inferencia ResShift...
2026-07-19 17:59:36,754 [INFO] Inferencia completada. Resultados en: results\raw_s4\50sr_images
