2026-07-18 20:21:24,911 [INFO] ============================================================
2026-07-18 20:21:24,912 [INFO] INFERENCIA — ResShift
2026-07-18 20:21:24,912 [INFO] ============================================================
2026-07-18 20:21:24,912 [INFO]   input_dir: data\sr_dataset\HR
2026-07-18 20:21:24,912 [INFO]   output_dir: results\sr_finetuned
2026-07-18 20:21:24,913 [INFO]   checkpoint: E:\temp\resshift_finetune\2026-07-18-17-35\ckpts\model_5000.pth
2026-07-18 20:21:24,913 [INFO]   scale: 4
2026-07-18 20:21:24,913 [INFO]   version: v3
2026-07-18 20:21:24,913 [INFO]   steps: None
2026-07-18 20:21:24,913 [INFO]   chop_size: 512
2026-07-18 20:21:24,913 [INFO]   seed: 42
2026-07-18 20:21:24,914 [INFO]   exp_name: finetuned
2026-07-18 20:21:24,914 [INFO]   log_level: INFO
2026-07-18 20:21:24,914 [INFO] ============================================================
2026-07-18 20:21:24,923 [INFO] Imágenes a procesar: 2410
2026-07-18 20:21:29,172 [INFO] Usando checkpoint propio: E:\temp\resshift_finetune\2026-07-18-17-35\ckpts\model_5000.pth
2026-07-18 20:21:29,173 [INFO] Chop size/stride: 512/448
2026-07-18 20:21:29,690 [WARNING] A matching Triton is not available, some optimizations will not be enabled
Traceback (most recent call last):
  File "E:\Anaconda\envs\resshift\lib\site-packages\xformers\__init__.py", line 57, in _is_triton_available
    import triton  # noqa
ModuleNotFoundError: No module named 'triton'
2026-07-18 20:21:32,591 [INFO] Iniciando inferencia ResShift...
2026-07-18 20:45:14,930 [INFO] Inferencia completada. Resultados en: results\sr_finetuned\finetuned
