2026-07-04 03:10:28,895 [INFO] ============================================================
2026-07-04 03:10:28,895 [INFO] ENTRENAMIENTO/FINETUNE — ResShift
2026-07-04 03:10:28,895 [INFO] ============================================================
2026-07-04 03:10:28,896 [INFO]   hr_dir: data\sr_kfold\fold_3\train\hr
2026-07-04 03:10:28,896 [INFO]   lr_dir: data\sr_kfold\fold_3\train\lr
2026-07-04 03:10:28,896 [INFO]   val_hr_dir: data\sr_kfold\fold_3\val\hr
2026-07-04 03:10:28,896 [INFO]   val_lr_dir: data\sr_kfold\fold_3\val\lr
2026-07-04 03:10:28,896 [INFO]   scale: 4
2026-07-04 03:10:28,897 [INFO]   config: ResShift\configs\realsr_swinunet_realesrgan256.yaml
2026-07-04 03:10:28,897 [INFO]   pretrained_ckpt: None
2026-07-04 03:10:28,897 [INFO]   iterations: 2000
2026-07-04 03:10:28,897 [INFO]   batch_size: 2
2026-07-04 03:10:28,897 [INFO]   lr: 5e-05
2026-07-04 03:10:28,898 [INFO]   save_freq: 1000
2026-07-04 03:10:28,898 [INFO]   val_freq: 500
2026-07-04 03:10:28,898 [INFO]   resume_from: None
2026-07-04 03:10:28,898 [INFO]   tune_decoder: False
2026-07-04 03:10:28,898 [INFO]   lora_tune_decoder: True
2026-07-04 03:10:28,898 [INFO]   ema_rate: None
2026-07-04 03:10:28,898 [INFO]   augment: True
2026-07-04 03:10:28,898 [INFO]   num_workers: 2
2026-07-04 03:10:28,898 [INFO]   grad_accum_steps: 2
2026-07-04 03:10:28,899 [INFO]   output_dir: models\resshift_finetuned
2026-07-04 03:10:28,899 [INFO]   seed: 42
2026-07-04 03:10:28,899 [INFO]   exp_name: resshift_fold_3_s15_lr5e5
2026-07-04 03:10:28,899 [INFO]   log_level: INFO
2026-07-04 03:10:28,899 [INFO] ============================================================
2026-07-04 03:10:29,007 [INFO] Config base: ResShift\configs\realsr_swinunet_realesrgan256.yaml
2026-07-04 03:10:29,060 [INFO] YAML de finetune generado en: models\resshift_finetuned\resshift_fold_3_s15_lr5e5\finetune_config.yaml
2026-07-04 03:10:29,061 [INFO] Cargando configuración desde: models\resshift_finetuned\resshift_fold_3_s15_lr5e5\finetune_config.yaml
2026-07-04 03:10:29,104 [INFO] Inicializando trainer...
2026-07-04 03:10:32,650 [INFO] Iniciando entrenamiento por 2000 iteraciones...
2026-07-04 03:10:33,997 [WARNING] A matching Triton is not available, some optimizations will not be enabled
Traceback (most recent call last):
  File "E:\Anaconda\envs\resshift\lib\site-packages\xformers\__init__.py", line 57, in _is_triton_available
    import triton  # noqa
ModuleNotFoundError: No module named 'triton'
2026-07-04 03:10:35,745 [ERROR] Error en el entrenamiento: 
2026-07-04 03:13:13,330 [INFO] ============================================================
2026-07-04 03:13:13,330 [INFO] ENTRENAMIENTO/FINETUNE — ResShift
2026-07-04 03:13:13,330 [INFO] ============================================================
2026-07-04 03:13:13,330 [INFO]   hr_dir: data\sr_kfold\fold_3\train\hr
2026-07-04 03:13:13,330 [INFO]   lr_dir: data\sr_kfold\fold_3\train\lr
2026-07-04 03:13:13,330 [INFO]   val_hr_dir: data\sr_kfold\fold_3\val\hr
2026-07-04 03:13:13,330 [INFO]   val_lr_dir: data\sr_kfold\fold_3\val\lr
2026-07-04 03:13:13,330 [INFO]   scale: 4
2026-07-04 03:13:13,331 [INFO]   config: ResShift\configs\realsr_swinunet_realesrgan256.yaml
2026-07-04 03:13:13,331 [INFO]   pretrained_ckpt: None
2026-07-04 03:13:13,331 [INFO]   iterations: 2000
2026-07-04 03:13:13,331 [INFO]   batch_size: 2
2026-07-04 03:13:13,331 [INFO]   lr: 5e-05
2026-07-04 03:13:13,331 [INFO]   save_freq: 1000
2026-07-04 03:13:13,331 [INFO]   val_freq: 500
2026-07-04 03:13:13,331 [INFO]   resume_from: None
2026-07-04 03:13:13,332 [INFO]   tune_decoder: False
2026-07-04 03:13:13,332 [INFO]   lora_tune_decoder: True
2026-07-04 03:13:13,332 [INFO]   ema_rate: None
2026-07-04 03:13:13,332 [INFO]   augment: True
2026-07-04 03:13:13,332 [INFO]   num_workers: 2
2026-07-04 03:13:13,332 [INFO]   grad_accum_steps: 2
2026-07-04 03:13:13,332 [INFO]   output_dir: models\resshift_finetuned
2026-07-04 03:13:13,332 [INFO]   seed: 42
2026-07-04 03:13:13,332 [INFO]   exp_name: resshift_fold_3_s15_lr5e5
2026-07-04 03:13:13,332 [INFO]   log_level: INFO
2026-07-04 03:13:13,333 [INFO] ============================================================
2026-07-04 03:13:13,437 [INFO] Config base: ResShift\configs\realsr_swinunet_realesrgan256.yaml
2026-07-04 03:13:13,492 [INFO] YAML de finetune generado en: models\resshift_finetuned\resshift_fold_3_s15_lr5e5\finetune_config.yaml
2026-07-04 03:13:13,493 [INFO] Cargando configuración desde: models\resshift_finetuned\resshift_fold_3_s15_lr5e5\finetune_config.yaml
2026-07-04 03:13:13,529 [INFO] Inicializando trainer...
2026-07-04 03:13:17,007 [INFO] Iniciando entrenamiento por 2000 iteraciones...
2026-07-04 03:13:18,298 [WARNING] A matching Triton is not available, some optimizations will not be enabled
Traceback (most recent call last):
  File "E:\Anaconda\envs\resshift\lib\site-packages\xformers\__init__.py", line 57, in _is_triton_available
    import triton  # noqa
ModuleNotFoundError: No module named 'triton'
2026-07-04 03:13:19,986 [ERROR] Error en el entrenamiento: 
2026-07-04 03:15:32,840 [INFO] ============================================================
2026-07-04 03:15:32,840 [INFO] ENTRENAMIENTO/FINETUNE — ResShift
2026-07-04 03:15:32,840 [INFO] ============================================================
2026-07-04 03:15:32,840 [INFO]   hr_dir: data\sr_kfold\fold_3\train\hr
2026-07-04 03:15:32,840 [INFO]   lr_dir: data\sr_kfold\fold_3\train\lr
2026-07-04 03:15:32,841 [INFO]   val_hr_dir: data\sr_kfold\fold_3\val\hr
2026-07-04 03:15:32,841 [INFO]   val_lr_dir: data\sr_kfold\fold_3\val\lr
2026-07-04 03:15:32,841 [INFO]   scale: 4
2026-07-04 03:15:32,841 [INFO]   config: ResShift\configs\realsr_swinunet_realesrgan256.yaml
2026-07-04 03:15:32,841 [INFO]   pretrained_ckpt: None
2026-07-04 03:15:32,841 [INFO]   iterations: 2000
2026-07-04 03:15:32,841 [INFO]   batch_size: 2
2026-07-04 03:15:32,841 [INFO]   lr: 5e-05
2026-07-04 03:15:32,841 [INFO]   save_freq: 1000
2026-07-04 03:15:32,841 [INFO]   val_freq: 500
2026-07-04 03:15:32,842 [INFO]   resume_from: None
2026-07-04 03:15:32,842 [INFO]   tune_decoder: False
2026-07-04 03:15:32,842 [INFO]   lora_tune_decoder: True
2026-07-04 03:15:32,842 [INFO]   ema_rate: None
2026-07-04 03:15:32,842 [INFO]   augment: True
2026-07-04 03:15:32,842 [INFO]   num_workers: 2
2026-07-04 03:15:32,842 [INFO]   grad_accum_steps: 2
2026-07-04 03:15:32,842 [INFO]   output_dir: models\resshift_finetuned
2026-07-04 03:15:32,842 [INFO]   seed: 42
2026-07-04 03:15:32,843 [INFO]   exp_name: resshift_fold_3_s15_lr5e5
2026-07-04 03:15:32,843 [INFO]   log_level: INFO
2026-07-04 03:15:32,843 [INFO] ============================================================
2026-07-04 03:15:32,952 [INFO] Config base: ResShift\configs\realsr_swinunet_realesrgan256.yaml
2026-07-04 03:15:33,004 [INFO] YAML de finetune generado en: models\resshift_finetuned\resshift_fold_3_s15_lr5e5\finetune_config.yaml
2026-07-04 03:15:33,006 [INFO] Cargando configuración desde: models\resshift_finetuned\resshift_fold_3_s15_lr5e5\finetune_config.yaml
2026-07-04 03:15:33,047 [INFO] Inicializando trainer...
2026-07-04 03:15:36,488 [INFO] Iniciando entrenamiento por 2000 iteraciones...
2026-07-04 03:15:37,790 [WARNING] A matching Triton is not available, some optimizations will not be enabled
Traceback (most recent call last):
  File "E:\Anaconda\envs\resshift\lib\site-packages\xformers\__init__.py", line 57, in _is_triton_available
    import triton  # noqa
ModuleNotFoundError: No module named 'triton'
2026-07-04 03:15:52,849 [ERROR] Error en el entrenamiento: element 0 of tensors does not require grad and does not have a grad_fn
2026-07-04 03:39:34,149 [INFO] ============================================================
2026-07-04 03:39:34,149 [INFO] ENTRENAMIENTO/FINETUNE — ResShift
2026-07-04 03:39:34,149 [INFO] ============================================================
2026-07-04 03:39:34,149 [INFO]   hr_dir: data\sr_kfold\fold_3\train\hr
2026-07-04 03:39:34,150 [INFO]   lr_dir: data\sr_kfold\fold_3\train\lr
2026-07-04 03:39:34,150 [INFO]   val_hr_dir: data\sr_kfold\fold_3\val\hr
2026-07-04 03:39:34,150 [INFO]   val_lr_dir: data\sr_kfold\fold_3\val\lr
2026-07-04 03:39:34,150 [INFO]   scale: 4
2026-07-04 03:39:34,150 [INFO]   config: ResShift\configs\realsr_swinunet_realesrgan256.yaml
2026-07-04 03:39:34,150 [INFO]   pretrained_ckpt: None
2026-07-04 03:39:34,150 [INFO]   iterations: 2000
2026-07-04 03:39:34,150 [INFO]   batch_size: 2
2026-07-04 03:39:34,150 [INFO]   lr: 5e-05
2026-07-04 03:39:34,150 [INFO]   save_freq: 1000
2026-07-04 03:39:34,151 [INFO]   val_freq: 500
2026-07-04 03:39:34,151 [INFO]   resume_from: None
2026-07-04 03:39:34,151 [INFO]   tune_decoder: False
2026-07-04 03:39:34,151 [INFO]   lora_tune_decoder: False
2026-07-04 03:39:34,151 [INFO]   ema_rate: None
2026-07-04 03:39:34,151 [INFO]   augment: True
2026-07-04 03:39:34,151 [INFO]   num_workers: 2
2026-07-04 03:39:34,151 [INFO]   grad_accum_steps: 2
2026-07-04 03:39:34,151 [INFO]   output_dir: models\resshift_finetuned
2026-07-04 03:39:34,151 [INFO]   seed: 42
2026-07-04 03:39:34,151 [INFO]   exp_name: resshift_fold_3_s15_lr5e5
2026-07-04 03:39:34,152 [INFO]   log_level: INFO
2026-07-04 03:39:34,152 [INFO] ============================================================
2026-07-04 03:39:34,259 [INFO] Config base: ResShift\configs\realsr_swinunet_realesrgan256.yaml
2026-07-04 03:39:34,312 [INFO] YAML de finetune generado en: models\resshift_finetuned\resshift_fold_3_s15_lr5e5\finetune_config.yaml
2026-07-04 03:39:34,313 [INFO] Cargando configuración desde: models\resshift_finetuned\resshift_fold_3_s15_lr5e5\finetune_config.yaml
2026-07-04 03:39:34,357 [INFO] Inicializando trainer...
2026-07-04 03:39:37,703 [INFO] Iniciando entrenamiento por 2000 iteraciones...
2026-07-04 03:39:38,970 [WARNING] A matching Triton is not available, some optimizations will not be enabled
Traceback (most recent call last):
  File "E:\Anaconda\envs\resshift\lib\site-packages\xformers\__init__.py", line 57, in _is_triton_available
    import triton  # noqa
ModuleNotFoundError: No module named 'triton'
2026-07-04 03:44:51,108 [ERROR] Error en el entrenamiento: Argument #4: Padding size should be less than the corresponding input dimension, but got: padding (0, 49) at dimension 3 of input [1, 3, 12, 15]
2026-07-04 13:08:10,197 [INFO] ============================================================
2026-07-04 13:08:10,198 [INFO] ENTRENAMIENTO/FINETUNE — ResShift
2026-07-04 13:08:10,198 [INFO] ============================================================
2026-07-04 13:08:10,198 [INFO]   hr_dir: data\sr_kfold\fold_3\train\hr
2026-07-04 13:08:10,198 [INFO]   lr_dir: data\sr_kfold\fold_3\train\lr
2026-07-04 13:08:10,198 [INFO]   val_hr_dir: data\sr_kfold\fold_3\val\hr
2026-07-04 13:08:10,198 [INFO]   val_lr_dir: data\sr_kfold\fold_3\val\lr
2026-07-04 13:08:10,198 [INFO]   scale: 4
2026-07-04 13:08:10,199 [INFO]   config: ResShift\configs\realsr_swinunet_realesrgan256.yaml
2026-07-04 13:08:10,199 [INFO]   pretrained_ckpt: None
2026-07-04 13:08:10,199 [INFO]   iterations: 8000
2026-07-04 13:08:10,199 [INFO]   batch_size: 2
2026-07-04 13:08:10,199 [INFO]   lr: 5e-05
2026-07-04 13:08:10,199 [INFO]   save_freq: 1000
2026-07-04 13:08:10,199 [INFO]   val_freq: 500
2026-07-04 13:08:10,199 [INFO]   resume_from: None
2026-07-04 13:08:10,199 [INFO]   tune_decoder: False
2026-07-04 13:08:10,199 [INFO]   lora_tune_decoder: False
2026-07-04 13:08:10,199 [INFO]   ema_rate: None
2026-07-04 13:08:10,199 [INFO]   augment: True
2026-07-04 13:08:10,199 [INFO]   num_workers: 2
2026-07-04 13:08:10,199 [INFO]   grad_accum_steps: 2
2026-07-04 13:08:10,201 [INFO]   output_dir: models\resshift_finetuned
2026-07-04 13:08:10,201 [INFO]   seed: 42
2026-07-04 13:08:10,201 [INFO]   exp_name: resshift_fold_3_s15_lr5e5
2026-07-04 13:08:10,201 [INFO]   log_level: INFO
2026-07-04 13:08:10,201 [INFO] ============================================================
2026-07-04 13:08:10,307 [INFO] Config base: ResShift\configs\realsr_swinunet_realesrgan256.yaml
2026-07-04 13:08:10,359 [INFO] YAML de finetune generado en: models\resshift_finetuned\resshift_fold_3_s15_lr5e5\finetune_config.yaml
2026-07-04 13:08:10,361 [INFO] Cargando configuración desde: models\resshift_finetuned\resshift_fold_3_s15_lr5e5\finetune_config.yaml
2026-07-04 13:08:10,403 [INFO] Inicializando trainer...
2026-07-04 13:08:13,710 [INFO] Iniciando entrenamiento por 8000 iteraciones...
2026-07-04 13:08:14,981 [WARNING] A matching Triton is not available, some optimizations will not be enabled
Traceback (most recent call last):
  File "E:\Anaconda\envs\resshift\lib\site-packages\xformers\__init__.py", line 57, in _is_triton_available
    import triton  # noqa
ModuleNotFoundError: No module named 'triton'
2026-07-04 13:14:03,009 [ERROR] Error en el entrenamiento: Input images must have the same dimensions.
2026-07-12 18:34:33,271 [INFO] ============================================================
2026-07-12 18:34:33,272 [INFO] ENTRENAMIENTO/FINETUNE — ResShift
2026-07-12 18:34:33,272 [INFO] ============================================================
2026-07-12 18:34:33,272 [INFO]   hr_dir: data\sr_kfold\fold_3\train\hr
2026-07-12 18:34:33,272 [INFO]   lr_dir: data\sr_kfold\fold_3\train\lr
2026-07-12 18:34:33,272 [INFO]   val_hr_dir: data\sr_kfold\fold_3\val\hr
2026-07-12 18:34:33,272 [INFO]   val_lr_dir: data\sr_kfold\fold_3\val\lr
2026-07-12 18:34:33,272 [INFO]   scale: 4
2026-07-12 18:34:33,272 [INFO]   config: ResShift\configs\realsr_swinunet_realesrgan256.yaml
2026-07-12 18:34:33,272 [INFO]   pretrained_ckpt: None
2026-07-12 18:34:33,273 [INFO]   iterations: 10000
2026-07-12 18:34:33,273 [INFO]   batch_size: 2
2026-07-12 18:34:33,273 [INFO]   lr: 5e-05
2026-07-12 18:34:33,273 [INFO]   save_freq: 1000
2026-07-12 18:34:33,273 [INFO]   val_freq: 1000
2026-07-12 18:34:33,273 [INFO]   resume_from: None
2026-07-12 18:34:33,273 [INFO]   tune_decoder: False
2026-07-12 18:34:33,273 [INFO]   lora_tune_decoder: False
2026-07-12 18:34:33,273 [INFO]   ema_rate: None
2026-07-12 18:34:33,273 [INFO]   augment: True
2026-07-12 18:34:33,274 [INFO]   num_workers: 2
2026-07-12 18:34:33,274 [INFO]   grad_accum_steps: 2
2026-07-12 18:34:33,274 [INFO]   output_dir: models\resshift_finetuned
2026-07-12 18:34:33,274 [INFO]   seed: 42
2026-07-12 18:34:33,274 [INFO]   exp_name: resshift_fold_3_s15_lr5e5
2026-07-12 18:34:33,274 [INFO]   log_level: INFO
2026-07-12 18:34:33,274 [INFO] ============================================================
2026-07-12 18:34:33,376 [INFO] Config base: ResShift\configs\realsr_swinunet_realesrgan256.yaml
2026-07-12 18:34:33,428 [INFO] YAML de finetune generado en: models\resshift_finetuned\resshift_fold_3_s15_lr5e5\finetune_config.yaml
2026-07-12 18:34:33,430 [INFO] Cargando configuración desde: models\resshift_finetuned\resshift_fold_3_s15_lr5e5\finetune_config.yaml
2026-07-12 18:34:33,472 [INFO] Inicializando trainer...
2026-07-12 18:34:36,708 [INFO] Iniciando entrenamiento por 10000 iteraciones...
2026-07-12 18:34:36,712 [ERROR] Error en el entrenamiento: name 'SummaryWriter' is not defined
2026-07-12 19:12:59,058 [INFO] ============================================================
2026-07-12 19:12:59,059 [INFO] ENTRENAMIENTO/FINETUNE — ResShift
2026-07-12 19:12:59,059 [INFO] ============================================================
2026-07-12 19:12:59,059 [INFO]   hr_dir: data\sr_kfold\fold_3\train\hr
2026-07-12 19:12:59,059 [INFO]   lr_dir: data\sr_kfold\fold_3\train\lr
2026-07-12 19:12:59,059 [INFO]   val_hr_dir: data\sr_kfold\fold_3\val\hr
2026-07-12 19:12:59,060 [INFO]   val_lr_dir: data\sr_kfold\fold_3\val\lr
2026-07-12 19:12:59,060 [INFO]   scale: 4
2026-07-12 19:12:59,060 [INFO]   config: ResShift\configs\realsr_swinunet_realesrgan256.yaml
2026-07-12 19:12:59,060 [INFO]   pretrained_ckpt: None
2026-07-12 19:12:59,060 [INFO]   iterations: 20000
2026-07-12 19:12:59,060 [INFO]   batch_size: 2
2026-07-12 19:12:59,060 [INFO]   lr: 5e-05
2026-07-12 19:12:59,060 [INFO]   save_freq: 2000
2026-07-12 19:12:59,060 [INFO]   val_freq: 2000
2026-07-12 19:12:59,060 [INFO]   resume_from: None
2026-07-12 19:12:59,061 [INFO]   tune_decoder: False
2026-07-12 19:12:59,061 [INFO]   lora_tune_decoder: False
2026-07-12 19:12:59,061 [INFO]   ema_rate: None
2026-07-12 19:12:59,061 [INFO]   augment: True
2026-07-12 19:12:59,061 [INFO]   num_workers: 2
2026-07-12 19:12:59,061 [INFO]   grad_accum_steps: 2
2026-07-12 19:12:59,061 [INFO]   output_dir: models\resshift_finetuned
2026-07-12 19:12:59,061 [INFO]   seed: 42
2026-07-12 19:12:59,061 [INFO]   exp_name: resshift_fold_3_s15_lr5e5
2026-07-12 19:12:59,061 [INFO]   log_level: INFO
2026-07-12 19:12:59,062 [INFO] ============================================================
2026-07-12 19:12:59,170 [INFO] Config base: ResShift\configs\realsr_swinunet_realesrgan256.yaml
2026-07-12 19:12:59,221 [INFO] YAML de finetune generado en: models\resshift_finetuned\resshift_fold_3_s15_lr5e5\finetune_config.yaml
2026-07-12 19:12:59,224 [INFO] Cargando configuración desde: models\resshift_finetuned\resshift_fold_3_s15_lr5e5\finetune_config.yaml
2026-07-12 19:12:59,265 [INFO] Inicializando trainer...
2026-07-12 19:12:59,404 [ERROR] Error en el entrenamiento: numpy.core.multiarray failed to import
2026-07-12 19:21:20,729 [INFO] ============================================================
2026-07-12 19:21:20,730 [INFO] ENTRENAMIENTO/FINETUNE — ResShift
2026-07-12 19:21:20,730 [INFO] ============================================================
2026-07-12 19:21:20,730 [INFO]   hr_dir: data\sr_kfold\fold_3\train\hr
2026-07-12 19:21:20,730 [INFO]   lr_dir: data\sr_kfold\fold_3\train\lr
2026-07-12 19:21:20,730 [INFO]   val_hr_dir: data\sr_kfold\fold_3\val\hr
2026-07-12 19:21:20,730 [INFO]   val_lr_dir: data\sr_kfold\fold_3\val\lr
2026-07-12 19:21:20,730 [INFO]   scale: 4
2026-07-12 19:21:20,730 [INFO]   config: ResShift\configs\realsr_swinunet_realesrgan256.yaml
2026-07-12 19:21:20,730 [INFO]   pretrained_ckpt: None
2026-07-12 19:21:20,731 [INFO]   iterations: 20000
2026-07-12 19:21:20,731 [INFO]   batch_size: 2
2026-07-12 19:21:20,731 [INFO]   lr: 5e-05
2026-07-12 19:21:20,731 [INFO]   save_freq: 2000
2026-07-12 19:21:20,731 [INFO]   val_freq: 2000
2026-07-12 19:21:20,731 [INFO]   resume_from: None
2026-07-12 19:21:20,731 [INFO]   tune_decoder: False
2026-07-12 19:21:20,731 [INFO]   lora_tune_decoder: False
2026-07-12 19:21:20,731 [INFO]   ema_rate: None
2026-07-12 19:21:20,731 [INFO]   augment: True
2026-07-12 19:21:20,731 [INFO]   num_workers: 2
2026-07-12 19:21:20,731 [INFO]   grad_accum_steps: 2
2026-07-12 19:21:20,732 [INFO]   output_dir: models\resshift_finetuned
2026-07-12 19:21:20,732 [INFO]   seed: 42
2026-07-12 19:21:20,732 [INFO]   exp_name: resshift_fold_3_s15_lr5e5
2026-07-12 19:21:20,732 [INFO]   log_level: INFO
2026-07-12 19:21:20,732 [INFO] ============================================================
2026-07-12 19:21:20,838 [INFO] Config base: ResShift\configs\realsr_swinunet_realesrgan256.yaml
2026-07-12 19:21:20,890 [INFO] YAML de finetune generado en: models\resshift_finetuned\resshift_fold_3_s15_lr5e5\finetune_config.yaml
2026-07-12 19:21:20,892 [INFO] Cargando configuración desde: models\resshift_finetuned\resshift_fold_3_s15_lr5e5\finetune_config.yaml
2026-07-12 19:21:20,927 [INFO] Inicializando trainer...
2026-07-12 19:21:24,313 [ERROR] Error en el entrenamiento: Descriptors cannot be created directly.
If this call came from a _pb2.py file, your generated code is out of date and must be regenerated with protoc >= 3.19.0.
If you cannot immediately regenerate your protos, some other possible workarounds are:
 1. Downgrade the protobuf package to 3.20.x or lower.
 2. Set PROTOCOL_BUFFERS_PYTHON_IMPLEMENTATION=python (but this will use pure-Python parsing and will be much slower).

More information: https://developers.google.com/protocol-buffers/docs/news/2022-05-06#python-updates
2026-07-13 06:59:03,869 [INFO] ============================================================
2026-07-13 06:59:04,108 [INFO] ENTRENAMIENTO/FINETUNE — ResShift
2026-07-13 06:59:04,108 [INFO] ============================================================
2026-07-13 06:59:04,281 [INFO]   hr_dir: data\sr_kfold\fold_3\train\hr
2026-07-13 06:59:04,281 [INFO]   lr_dir: data\sr_kfold\fold_3\train\lr
2026-07-13 06:59:04,281 [INFO]   val_hr_dir: data\sr_kfold\fold_3\val\hr
2026-07-13 06:59:04,281 [INFO]   val_lr_dir: data\sr_kfold\fold_3\val\lr
2026-07-13 06:59:04,281 [INFO]   scale: 4
2026-07-13 06:59:04,281 [INFO]   config: ResShift\configs\realsr_swinunet_realesrgan256.yaml
2026-07-13 06:59:04,281 [INFO]   pretrained_ckpt: None
2026-07-13 06:59:04,281 [INFO]   iterations: 20000
2026-07-13 06:59:04,281 [INFO]   batch_size: 2
2026-07-13 06:59:04,281 [INFO]   lr: 5e-05
2026-07-13 06:59:04,281 [INFO]   save_freq: 2000
2026-07-13 06:59:04,281 [INFO]   val_freq: 2000
2026-07-13 06:59:04,282 [INFO]   resume_from: None
2026-07-13 06:59:04,282 [INFO]   tune_decoder: False
2026-07-13 06:59:04,282 [INFO]   lora_tune_decoder: False
2026-07-13 06:59:04,282 [INFO]   ema_rate: None
2026-07-13 06:59:04,282 [INFO]   augment: True
2026-07-13 06:59:04,282 [INFO]   num_workers: 2
2026-07-13 06:59:04,282 [INFO]   grad_accum_steps: 2
2026-07-13 06:59:04,282 [INFO]   output_dir: models\resshift_finetuned
2026-07-13 06:59:04,282 [INFO]   seed: 42
2026-07-13 06:59:04,282 [INFO]   exp_name: resshift_fold_3_s15_lr5e5
2026-07-13 06:59:04,282 [INFO]   log_level: INFO
2026-07-13 06:59:04,282 [INFO] ============================================================
2026-07-13 06:59:04,387 [INFO] Config base: ResShift\configs\realsr_swinunet_realesrgan256.yaml
2026-07-13 06:59:09,333 [INFO] YAML de finetune generado en: models\resshift_finetuned\resshift_fold_3_s15_lr5e5\finetune_config.yaml
2026-07-13 06:59:09,334 [INFO] Cargando configuración desde: models\resshift_finetuned\resshift_fold_3_s15_lr5e5\finetune_config.yaml
2026-07-13 06:59:09,377 [INFO] Inicializando trainer...
2026-07-13 06:59:12,834 [INFO] Iniciando entrenamiento por 20000 iteraciones...
2026-07-13 06:59:15,802 [WARNING] A matching Triton is not available, some optimizations will not be enabled
Traceback (most recent call last):
  File "E:\Anaconda\envs\resshift\lib\site-packages\xformers\__init__.py", line 57, in _is_triton_available
    import triton  # noqa
ModuleNotFoundError: No module named 'triton'
2026-07-13 12:47:18,670 [INFO] Entrenamiento completado. Checkpoints en: models\resshift_finetuned\resshift_fold_3_s15_lr5e5
2026-07-17 23:40:17,817 [INFO] ============================================================
2026-07-17 23:40:17,818 [INFO] ENTRENAMIENTO/FINETUNE — ResShift
2026-07-17 23:40:17,818 [INFO] ============================================================
2026-07-17 23:40:17,818 [INFO]   hr_dir: data\sr_kfold\fold_3\train\hr
2026-07-17 23:40:17,818 [INFO]   lr_dir: data\sr_kfold\fold_3\train\lr
2026-07-17 23:40:17,818 [INFO]   val_hr_dir: data\sr_kfold\fold_3\val\hr
2026-07-17 23:40:17,818 [INFO]   val_lr_dir: data\sr_kfold\fold_3\val\lr
2026-07-17 23:40:17,818 [INFO]   scale: 4
2026-07-17 23:40:17,818 [INFO]   config: ResShift\configs\realsr_swinunet_realesrgan256.yaml
2026-07-17 23:40:17,818 [INFO]   pretrained_ckpt: C:\TFM\ResShift\weights\resshift_realsrx4_s15_v1.pth
2026-07-17 23:40:17,818 [INFO]   iterations: 10000
2026-07-17 23:40:17,818 [INFO]   batch_size: 2
2026-07-17 23:40:17,819 [INFO]   lr: 5e-05
2026-07-17 23:40:17,819 [INFO]   save_freq: 5000
2026-07-17 23:40:17,819 [INFO]   val_freq: 5000
2026-07-17 23:40:17,819 [INFO]   resume_from: None
2026-07-17 23:40:17,819 [INFO]   tune_decoder: False
2026-07-17 23:40:17,819 [INFO]   lora_tune_decoder: False
2026-07-17 23:40:17,819 [INFO]   ema_rate: None
2026-07-17 23:40:17,819 [INFO]   augment: True
2026-07-17 23:40:17,819 [INFO]   num_workers: 2
2026-07-17 23:40:17,819 [INFO]   grad_accum_steps: 2
2026-07-17 23:40:17,819 [INFO]   output_dir: E:\temp
2026-07-17 23:40:17,819 [INFO]   seed: 42
2026-07-17 23:40:17,819 [INFO]   exp_name: resshift_fold_3_s15_lr5e5
2026-07-17 23:40:17,819 [INFO]   log_level: INFO
2026-07-17 23:40:17,819 [INFO] ============================================================
2026-07-17 23:40:17,957 [INFO] Config base: ResShift\configs\realsr_swinunet_realesrgan256.yaml
2026-07-17 23:40:18,021 [INFO] YAML de finetune generado en: E:\temp\resshift_fold_3_s15_lr5e5\finetune_config.yaml
2026-07-17 23:40:18,023 [INFO] Cargando configuración desde: E:\temp\resshift_fold_3_s15_lr5e5\finetune_config.yaml
2026-07-17 23:40:18,069 [INFO] Inicializando trainer...
2026-07-17 23:40:29,977 [INFO] Iniciando entrenamiento por 10000 iteraciones...
2026-07-17 23:40:31,910 [WARNING] A matching Triton is not available, some optimizations will not be enabled
Traceback (most recent call last):
  File "E:\Anaconda\envs\resshift\lib\site-packages\xformers\__init__.py", line 57, in _is_triton_available
    import triton  # noqa
ModuleNotFoundError: No module named 'triton'
2026-07-18 02:09:07,854 [INFO] Entrenamiento completado. Checkpoints en: E:\temp\resshift_fold_3_s15_lr5e5
